../drivers/src/stm32f407_usart_driver.c:17:6:USART_SetBaudRate	40	static
../drivers/src/stm32f407_usart_driver.c:94:6:USART_Init	24	static
../drivers/src/stm32f407_usart_driver.c:208:6:USART_PeripheralControl	16	static
../drivers/src/stm32f407_usart_driver.c:236:6:USART_PeriClockControl	16	static
../drivers/src/stm32f407_usart_driver.c:275:9:USART_GetFlagStatus	16	static
../drivers/src/stm32f407_usart_driver.c:299:6:USART_SendData	32	static
../drivers/src/stm32f407_usart_driver.c:361:6:USART_ReceiveData	32	static
../drivers/src/stm32f407_usart_driver.c:436:9:USART_SendDataIT	32	static
../drivers/src/stm32f407_usart_driver.c:474:9:USART_ReceiveDataIT	32	static
../drivers/src/stm32f407_usart_driver.c:512:6:USART_ClearFlag	16	static
../drivers/src/stm32f407_usart_driver.c:532:6:USART_IRQInterruptConfig	16	static
../drivers/src/stm32f407_usart_driver.c:587:6:USART_IRQPriorityConfig	24	static
../drivers/src/stm32f407_usart_driver.c:613:6:USART_IRQHandling	32	static
../drivers/src/stm32f407_usart_driver.c:916:13:USART_ApplicationEventCallback	16	static
