../Src/main.c:73:5:main	8	static
../Src/main.c:91:6:BMP280_ReadPressure	24	static
../Src/main.c:102:6:GY302_ReadLightLevel	32	static
../Src/main.c:120:6:LM75A_ReadTemp	40	static
../Src/main.c:150:6:TIM2_IRQHandler	24	static
../Src/main.c:176:6:TIM5_IRQHandler	240	static
../Src/main.c:217:6:TIM2_Init	8	static
../Src/main.c:229:6:TIM5_Init	8	static
../Src/main.c:242:6:I2C1_Inits	8	static
../Src/main.c:252:6:I2C1_GPIOInits	24	static
../Src/main.c:269:6:USART2_Init	8	static
../Src/main.c:281:6:USART2_GPIOInit	24	static
